ARM GAS  C:\Users\NARASH~1\AppData\Local\Temp\ccsRLeh2.s 			page 1


   1              		.cpu cortex-m0
   2              		.fpu softvfp
   3              		.eabi_attribute 20, 1
   4              		.eabi_attribute 21, 1
   5              		.eabi_attribute 23, 3
   6              		.eabi_attribute 24, 1
   7              		.eabi_attribute 25, 1
   8              		.eabi_attribute 26, 1
   9              		.eabi_attribute 30, 1
  10              		.eabi_attribute 34, 0
  11              		.eabi_attribute 18, 4
  12              		.code	16
  13              		.file	"cyfitter_cfg.c"
  14              		.text
  15              	.Ltext0:
  16              		.cfi_sections	.debug_frame
  17              		.section	.text.CYMEMZERO,"ax",%progbits
  18              		.align	2
  19              		.code	16
  20              		.thumb_func
  21              		.type	CYMEMZERO, %function
  22              	CYMEMZERO:
  23              	.LFB0:
  24              		.file 1 "Generated_Source\\PSoC4\\cyfitter_cfg.c"
   1:Generated_Source\PSoC4/cyfitter_cfg.c **** /*******************************************************************************
   2:Generated_Source\PSoC4/cyfitter_cfg.c **** * File Name: cyfitter_cfg.c
   3:Generated_Source\PSoC4/cyfitter_cfg.c **** * 
   4:Generated_Source\PSoC4/cyfitter_cfg.c **** * PSoC Creator  4.0 Update 1
   5:Generated_Source\PSoC4/cyfitter_cfg.c **** *
   6:Generated_Source\PSoC4/cyfitter_cfg.c **** * Description:
   7:Generated_Source\PSoC4/cyfitter_cfg.c **** * This file contains device initialization code.
   8:Generated_Source\PSoC4/cyfitter_cfg.c **** * Except for the user defined sections in CyClockStartupError(), this file should not be modified.
   9:Generated_Source\PSoC4/cyfitter_cfg.c **** * This file is automatically generated by PSoC Creator.
  10:Generated_Source\PSoC4/cyfitter_cfg.c **** *
  11:Generated_Source\PSoC4/cyfitter_cfg.c **** ********************************************************************************
  12:Generated_Source\PSoC4/cyfitter_cfg.c **** * Copyright (c) 2007-2016 Cypress Semiconductor.  All rights reserved.
  13:Generated_Source\PSoC4/cyfitter_cfg.c **** * You may use this file only in accordance with the license, terms, conditions, 
  14:Generated_Source\PSoC4/cyfitter_cfg.c **** * disclaimers, and limitations in the end user license agreement accompanying 
  15:Generated_Source\PSoC4/cyfitter_cfg.c **** * the software package with which this file was provided.
  16:Generated_Source\PSoC4/cyfitter_cfg.c **** ********************************************************************************/
  17:Generated_Source\PSoC4/cyfitter_cfg.c **** 
  18:Generated_Source\PSoC4/cyfitter_cfg.c **** #include <string.h>
  19:Generated_Source\PSoC4/cyfitter_cfg.c **** #include "cytypes.h"
  20:Generated_Source\PSoC4/cyfitter_cfg.c **** #include "cydevice_trm.h"
  21:Generated_Source\PSoC4/cyfitter_cfg.c **** #include "cyfitter.h"
  22:Generated_Source\PSoC4/cyfitter_cfg.c **** #include "CyLib.h"
  23:Generated_Source\PSoC4/cyfitter_cfg.c **** #include "CyLFClk.h"
  24:Generated_Source\PSoC4/cyfitter_cfg.c **** #include "cyfitter_cfg.h"
  25:Generated_Source\PSoC4/cyfitter_cfg.c **** #include "cyapicallbacks.h"
  26:Generated_Source\PSoC4/cyfitter_cfg.c **** 
  27:Generated_Source\PSoC4/cyfitter_cfg.c **** 
  28:Generated_Source\PSoC4/cyfitter_cfg.c **** #if defined(__GNUC__) || defined(__ARMCC_VERSION)
  29:Generated_Source\PSoC4/cyfitter_cfg.c ****     #define CYPACKED 
  30:Generated_Source\PSoC4/cyfitter_cfg.c ****     #define CYPACKED_ATTR __attribute__ ((packed))
  31:Generated_Source\PSoC4/cyfitter_cfg.c ****     #define CYALIGNED __attribute__ ((aligned))
  32:Generated_Source\PSoC4/cyfitter_cfg.c ****     #define CY_CFG_UNUSED __attribute__ ((unused))
  33:Generated_Source\PSoC4/cyfitter_cfg.c ****     #ifndef CY_CFG_SECTION
ARM GAS  C:\Users\NARASH~1\AppData\Local\Temp\ccsRLeh2.s 			page 2


  34:Generated_Source\PSoC4/cyfitter_cfg.c ****         #define CY_CFG_SECTION __attribute__ ((section(".psocinit")))
  35:Generated_Source\PSoC4/cyfitter_cfg.c ****     #endif
  36:Generated_Source\PSoC4/cyfitter_cfg.c ****     
  37:Generated_Source\PSoC4/cyfitter_cfg.c ****     #if defined(__ARMCC_VERSION)
  38:Generated_Source\PSoC4/cyfitter_cfg.c ****         #define CY_CFG_MEMORY_BARRIER() __memory_changed()
  39:Generated_Source\PSoC4/cyfitter_cfg.c ****     #else
  40:Generated_Source\PSoC4/cyfitter_cfg.c ****         #define CY_CFG_MEMORY_BARRIER() __sync_synchronize()
  41:Generated_Source\PSoC4/cyfitter_cfg.c ****     #endif
  42:Generated_Source\PSoC4/cyfitter_cfg.c ****     
  43:Generated_Source\PSoC4/cyfitter_cfg.c **** #elif defined(__ICCARM__)
  44:Generated_Source\PSoC4/cyfitter_cfg.c ****     #include <intrinsics.h>
  45:Generated_Source\PSoC4/cyfitter_cfg.c **** 
  46:Generated_Source\PSoC4/cyfitter_cfg.c ****     #define CYPACKED __packed
  47:Generated_Source\PSoC4/cyfitter_cfg.c ****     #define CYPACKED_ATTR 
  48:Generated_Source\PSoC4/cyfitter_cfg.c ****     #define CYALIGNED _Pragma("data_alignment=4")
  49:Generated_Source\PSoC4/cyfitter_cfg.c ****     #define CY_CFG_UNUSED _Pragma("diag_suppress=Pe177")
  50:Generated_Source\PSoC4/cyfitter_cfg.c ****     #define CY_CFG_SECTION _Pragma("location=\".psocinit\"")
  51:Generated_Source\PSoC4/cyfitter_cfg.c ****     
  52:Generated_Source\PSoC4/cyfitter_cfg.c ****     #define CY_CFG_MEMORY_BARRIER() __DMB()
  53:Generated_Source\PSoC4/cyfitter_cfg.c ****     
  54:Generated_Source\PSoC4/cyfitter_cfg.c **** #else
  55:Generated_Source\PSoC4/cyfitter_cfg.c ****     #error Unsupported toolchain
  56:Generated_Source\PSoC4/cyfitter_cfg.c **** #endif
  57:Generated_Source\PSoC4/cyfitter_cfg.c **** 
  58:Generated_Source\PSoC4/cyfitter_cfg.c **** 
  59:Generated_Source\PSoC4/cyfitter_cfg.c **** CY_CFG_UNUSED
  60:Generated_Source\PSoC4/cyfitter_cfg.c **** static void CYMEMZERO(void *s, size_t n);
  61:Generated_Source\PSoC4/cyfitter_cfg.c **** CY_CFG_UNUSED
  62:Generated_Source\PSoC4/cyfitter_cfg.c **** static void CYMEMZERO(void *s, size_t n)
  63:Generated_Source\PSoC4/cyfitter_cfg.c **** {
  25              		.loc 1 63 0
  26              		.cfi_startproc
  27              	.LVL0:
  28 0000 08B5     		push	{r3, lr}
  29              		.cfi_def_cfa_offset 8
  30              		.cfi_offset 3, -8
  31              		.cfi_offset 14, -4
  32 0002 0A1C     		mov	r2, r1
  64:Generated_Source\PSoC4/cyfitter_cfg.c **** 	(void)memset(s, 0, n);
  33              		.loc 1 64 0
  34 0004 0021     		mov	r1, #0
  35              	.LVL1:
  36 0006 FFF7FEFF 		bl	memset
  37              	.LVL2:
  65:Generated_Source\PSoC4/cyfitter_cfg.c **** }
  38              		.loc 1 65 0
  39              		@ sp needed
  40 000a 08BD     		pop	{r3, pc}
  41              		.cfi_endproc
  42              	.LFE0:
  43              		.size	CYMEMZERO, .-CYMEMZERO
  44              		.section	.psocinit,"ax",%progbits
  45              		.align	2
  46              		.code	16
  47              		.thumb_func
  48              		.type	ClockSetup, %function
  49              	ClockSetup:
ARM GAS  C:\Users\NARASH~1\AppData\Local\Temp\ccsRLeh2.s 			page 3


  50              	.LFB3:
  66:Generated_Source\PSoC4/cyfitter_cfg.c **** CY_CFG_UNUSED
  67:Generated_Source\PSoC4/cyfitter_cfg.c **** static void CYCONFIGCPY(void *dest, const void *src, size_t n);
  68:Generated_Source\PSoC4/cyfitter_cfg.c **** CY_CFG_UNUSED
  69:Generated_Source\PSoC4/cyfitter_cfg.c **** static void CYCONFIGCPY(void *dest, const void *src, size_t n)
  70:Generated_Source\PSoC4/cyfitter_cfg.c **** {
  71:Generated_Source\PSoC4/cyfitter_cfg.c **** 	(void)memcpy(dest, src, n);
  72:Generated_Source\PSoC4/cyfitter_cfg.c **** }
  73:Generated_Source\PSoC4/cyfitter_cfg.c **** CY_CFG_UNUSED
  74:Generated_Source\PSoC4/cyfitter_cfg.c **** static void CYCONFIGCPYCODE(void *dest, const void *src, size_t n);
  75:Generated_Source\PSoC4/cyfitter_cfg.c **** CY_CFG_UNUSED
  76:Generated_Source\PSoC4/cyfitter_cfg.c **** static void CYCONFIGCPYCODE(void *dest, const void *src, size_t n)
  77:Generated_Source\PSoC4/cyfitter_cfg.c **** {
  78:Generated_Source\PSoC4/cyfitter_cfg.c **** 	(void)memcpy(dest, src, n);
  79:Generated_Source\PSoC4/cyfitter_cfg.c **** }
  80:Generated_Source\PSoC4/cyfitter_cfg.c **** 
  81:Generated_Source\PSoC4/cyfitter_cfg.c **** 
  82:Generated_Source\PSoC4/cyfitter_cfg.c **** 
  83:Generated_Source\PSoC4/cyfitter_cfg.c **** 
  84:Generated_Source\PSoC4/cyfitter_cfg.c **** /* Clock startup error codes                                                   */
  85:Generated_Source\PSoC4/cyfitter_cfg.c **** #define CYCLOCKSTART_NO_ERROR    0u
  86:Generated_Source\PSoC4/cyfitter_cfg.c **** #define CYCLOCKSTART_XTAL_ERROR  1u
  87:Generated_Source\PSoC4/cyfitter_cfg.c **** #define CYCLOCKSTART_32KHZ_ERROR 2u
  88:Generated_Source\PSoC4/cyfitter_cfg.c **** #define CYCLOCKSTART_PLL_ERROR   3u
  89:Generated_Source\PSoC4/cyfitter_cfg.c **** 
  90:Generated_Source\PSoC4/cyfitter_cfg.c **** 
  91:Generated_Source\PSoC4/cyfitter_cfg.c **** #ifdef CY_NEED_CYCLOCKSTARTUPERROR
  92:Generated_Source\PSoC4/cyfitter_cfg.c **** /*******************************************************************************
  93:Generated_Source\PSoC4/cyfitter_cfg.c **** * Function Name: CyClockStartupError
  94:Generated_Source\PSoC4/cyfitter_cfg.c **** ********************************************************************************
  95:Generated_Source\PSoC4/cyfitter_cfg.c **** * Summary:
  96:Generated_Source\PSoC4/cyfitter_cfg.c **** *  If an error is encountered during clock configuration (crystal startup error,
  97:Generated_Source\PSoC4/cyfitter_cfg.c **** *  PLL lock error, etc.), the system will end up here.  Unless reimplemented by
  98:Generated_Source\PSoC4/cyfitter_cfg.c **** *  the customer, this function will stop in an infinite loop.
  99:Generated_Source\PSoC4/cyfitter_cfg.c **** *
 100:Generated_Source\PSoC4/cyfitter_cfg.c **** * Parameters:
 101:Generated_Source\PSoC4/cyfitter_cfg.c **** *   void
 102:Generated_Source\PSoC4/cyfitter_cfg.c **** *
 103:Generated_Source\PSoC4/cyfitter_cfg.c **** * Return:
 104:Generated_Source\PSoC4/cyfitter_cfg.c **** *   void
 105:Generated_Source\PSoC4/cyfitter_cfg.c **** *
 106:Generated_Source\PSoC4/cyfitter_cfg.c **** *******************************************************************************/
 107:Generated_Source\PSoC4/cyfitter_cfg.c **** CY_CFG_UNUSED
 108:Generated_Source\PSoC4/cyfitter_cfg.c **** static void CyClockStartupError(uint8 errorCode);
 109:Generated_Source\PSoC4/cyfitter_cfg.c **** CY_CFG_UNUSED
 110:Generated_Source\PSoC4/cyfitter_cfg.c **** static void CyClockStartupError(uint8 errorCode)
 111:Generated_Source\PSoC4/cyfitter_cfg.c **** {
 112:Generated_Source\PSoC4/cyfitter_cfg.c ****     /* To remove the compiler warning if errorCode not used.                */
 113:Generated_Source\PSoC4/cyfitter_cfg.c ****     errorCode = errorCode;
 114:Generated_Source\PSoC4/cyfitter_cfg.c **** 
 115:Generated_Source\PSoC4/cyfitter_cfg.c ****     /* If we have a clock startup error (bad MHz crystal, PLL lock, etc.),  */
 116:Generated_Source\PSoC4/cyfitter_cfg.c ****     /* we will end up here to allow the customer to implement something to  */
 117:Generated_Source\PSoC4/cyfitter_cfg.c ****     /* deal with the clock condition.                                       */
 118:Generated_Source\PSoC4/cyfitter_cfg.c **** 
 119:Generated_Source\PSoC4/cyfitter_cfg.c **** #ifdef CY_CFG_CLOCK_STARTUP_ERROR_CALLBACK
 120:Generated_Source\PSoC4/cyfitter_cfg.c **** 	CY_CFG_Clock_Startup_ErrorCallback();
 121:Generated_Source\PSoC4/cyfitter_cfg.c **** #else
ARM GAS  C:\Users\NARASH~1\AppData\Local\Temp\ccsRLeh2.s 			page 4


 122:Generated_Source\PSoC4/cyfitter_cfg.c **** 	/*  If not using CY_CFG_CLOCK_STARTUP_ERROR_CALLBACK, place your clock startup code here. */
 123:Generated_Source\PSoC4/cyfitter_cfg.c ****     /* `#START CyClockStartupError` */
 124:Generated_Source\PSoC4/cyfitter_cfg.c **** 
 125:Generated_Source\PSoC4/cyfitter_cfg.c **** 
 126:Generated_Source\PSoC4/cyfitter_cfg.c **** 
 127:Generated_Source\PSoC4/cyfitter_cfg.c ****     /* `#END` */
 128:Generated_Source\PSoC4/cyfitter_cfg.c **** 
 129:Generated_Source\PSoC4/cyfitter_cfg.c ****     /* If nothing else, stop here since the clocks have not started         */
 130:Generated_Source\PSoC4/cyfitter_cfg.c ****     /* correctly.                                                           */
 131:Generated_Source\PSoC4/cyfitter_cfg.c ****     while(1) {}
 132:Generated_Source\PSoC4/cyfitter_cfg.c **** #endif /* CY_CFG_CLOCK_STARTUP_ERROR_CALLBACK */ 
 133:Generated_Source\PSoC4/cyfitter_cfg.c **** }
 134:Generated_Source\PSoC4/cyfitter_cfg.c **** #endif
 135:Generated_Source\PSoC4/cyfitter_cfg.c **** 
 136:Generated_Source\PSoC4/cyfitter_cfg.c **** 
 137:Generated_Source\PSoC4/cyfitter_cfg.c **** 
 138:Generated_Source\PSoC4/cyfitter_cfg.c **** /*******************************************************************************
 139:Generated_Source\PSoC4/cyfitter_cfg.c **** * Function Name: ClockSetup
 140:Generated_Source\PSoC4/cyfitter_cfg.c **** ********************************************************************************
 141:Generated_Source\PSoC4/cyfitter_cfg.c **** *
 142:Generated_Source\PSoC4/cyfitter_cfg.c **** * Summary:
 143:Generated_Source\PSoC4/cyfitter_cfg.c **** *   Performs the initialization of all of the clocks in the device based on the
 144:Generated_Source\PSoC4/cyfitter_cfg.c **** *   settings in the Clock tab of the DWR.  This includes enabling the requested
 145:Generated_Source\PSoC4/cyfitter_cfg.c **** *   clocks and setting the necessary dividers to produce the desired frequency. 
 146:Generated_Source\PSoC4/cyfitter_cfg.c **** *
 147:Generated_Source\PSoC4/cyfitter_cfg.c **** * Parameters:
 148:Generated_Source\PSoC4/cyfitter_cfg.c **** *   void
 149:Generated_Source\PSoC4/cyfitter_cfg.c **** *
 150:Generated_Source\PSoC4/cyfitter_cfg.c **** * Return:
 151:Generated_Source\PSoC4/cyfitter_cfg.c **** *   void
 152:Generated_Source\PSoC4/cyfitter_cfg.c **** *
 153:Generated_Source\PSoC4/cyfitter_cfg.c **** *******************************************************************************/
 154:Generated_Source\PSoC4/cyfitter_cfg.c **** static void ClockSetup(void);
 155:Generated_Source\PSoC4/cyfitter_cfg.c **** CY_CFG_SECTION
 156:Generated_Source\PSoC4/cyfitter_cfg.c **** static void ClockSetup(void)
 157:Generated_Source\PSoC4/cyfitter_cfg.c **** {
  51              		.loc 1 157 0
  52              		.cfi_startproc
  53 0000 38B5     		push	{r3, r4, r5, lr}
  54              		.cfi_def_cfa_offset 16
  55              		.cfi_offset 3, -16
  56              		.cfi_offset 4, -12
  57              		.cfi_offset 5, -8
  58              		.cfi_offset 14, -4
 158:Generated_Source\PSoC4/cyfitter_cfg.c **** 	/* Enable HALF_EN before trimming for the flash accelerator. */
 159:Generated_Source\PSoC4/cyfitter_cfg.c **** 	CY_SET_REG32((void CYXDATA *)(CYREG_CLK_SELECT), (CY_GET_REG32((void *)CYREG_CLK_SELECT) | 0x00040
  59              		.loc 1 159 0
  60 0002 134C     		ldr	r4, .L3
  61 0004 2368     		ldr	r3, [r4]
  62 0006 8022     		mov	r2, #128
  63 0008 D202     		lsl	r2, r2, #11
  64 000a 1343     		orr	r3, r2
  65 000c 2360     		str	r3, [r4]
 160:Generated_Source\PSoC4/cyfitter_cfg.c **** 
 161:Generated_Source\PSoC4/cyfitter_cfg.c **** 	/* Setup and trim IMO based on desired frequency. */
 162:Generated_Source\PSoC4/cyfitter_cfg.c **** 	CySysClkWriteImoFreq(24u);
  66              		.loc 1 162 0
ARM GAS  C:\Users\NARASH~1\AppData\Local\Temp\ccsRLeh2.s 			page 5


  67 000e 1820     		mov	r0, #24
  68 0010 FFF7FEFF 		bl	CySysClkWriteImoFreq
  69              	.LVL3:
 163:Generated_Source\PSoC4/cyfitter_cfg.c **** 
 164:Generated_Source\PSoC4/cyfitter_cfg.c **** 	/* Disable HALF_EN since it is not required at this IMO frequency. */
 165:Generated_Source\PSoC4/cyfitter_cfg.c **** 	CY_SET_REG32((void CYXDATA *)(CYREG_CLK_SELECT), (CY_GET_REG32((void *)CYREG_CLK_SELECT) & 0xFFFBF
  70              		.loc 1 165 0
  71 0014 2268     		ldr	r2, [r4]
  72 0016 0F4B     		ldr	r3, .L3+4
  73 0018 1340     		and	r3, r2
  74 001a 2360     		str	r3, [r4]
 166:Generated_Source\PSoC4/cyfitter_cfg.c **** 	/* CYDEV_CLK_ILO_CONFIG Starting address: CYDEV_CLK_ILO_CONFIG */
 167:Generated_Source\PSoC4/cyfitter_cfg.c **** 	CY_SET_XTND_REG32((void CYFAR *)(CYREG_CLK_ILO_CONFIG), 0x80000006u);
  75              		.loc 1 167 0
  76 001c 0E4A     		ldr	r2, .L3+8
  77 001e 0F4B     		ldr	r3, .L3+12
  78 0020 1A60     		str	r2, [r3]
 168:Generated_Source\PSoC4/cyfitter_cfg.c **** 
 169:Generated_Source\PSoC4/cyfitter_cfg.c **** 
 170:Generated_Source\PSoC4/cyfitter_cfg.c **** 	/* CYDEV_CLK_SELECT00 Starting address: CYDEV_CLK_SELECT00 */
 171:Generated_Source\PSoC4/cyfitter_cfg.c **** 	CY_SET_XTND_REG32((void CYFAR *)(CYREG_CLK_SELECT02), 0x00000010u);
  79              		.loc 1 171 0
  80 0022 1022     		mov	r2, #16
  81 0024 0E4B     		ldr	r3, .L3+16
  82 0026 1A60     		str	r2, [r3]
 172:Generated_Source\PSoC4/cyfitter_cfg.c **** 
 173:Generated_Source\PSoC4/cyfitter_cfg.c **** 	/* CYDEV_CLK_IMO_CONFIG Starting address: CYDEV_CLK_IMO_CONFIG */
 174:Generated_Source\PSoC4/cyfitter_cfg.c **** 	CY_SET_XTND_REG32((void CYFAR *)(CYREG_CLK_IMO_CONFIG), 0x80000000u);
  83              		.loc 1 174 0
  84 0028 8022     		mov	r2, #128
  85 002a 1206     		lsl	r2, r2, #24
  86 002c 0D4B     		ldr	r3, .L3+20
  87 002e 1A60     		str	r2, [r3]
 175:Generated_Source\PSoC4/cyfitter_cfg.c **** 
 176:Generated_Source\PSoC4/cyfitter_cfg.c **** 	/* CYDEV_CLK_SELECT Starting address: CYDEV_CLK_SELECT */
 177:Generated_Source\PSoC4/cyfitter_cfg.c **** 	CY_SET_XTND_REG32((void CYFAR *)(CYREG_CLK_SELECT), 0x00000000u);
  88              		.loc 1 177 0
  89 0030 0025     		mov	r5, #0
  90 0032 2560     		str	r5, [r4]
 178:Generated_Source\PSoC4/cyfitter_cfg.c **** 
 179:Generated_Source\PSoC4/cyfitter_cfg.c **** 	/* CYDEV_CLK_DIVIDER_A00 Starting address: CYDEV_CLK_DIVIDER_A00 */
 180:Generated_Source\PSoC4/cyfitter_cfg.c **** 	CY_SET_XTND_REG32((void CYFAR *)(CYREG_CLK_DIVIDER_A00), 0x80000010u);
  91              		.loc 1 180 0
  92 0034 0C4A     		ldr	r2, .L3+24
  93 0036 0D4B     		ldr	r3, .L3+28
  94 0038 1A60     		str	r2, [r3]
 181:Generated_Source\PSoC4/cyfitter_cfg.c **** 
 182:Generated_Source\PSoC4/cyfitter_cfg.c **** 	(void)CyIntSetVector(9u, &CySysWdtIsr);
  95              		.loc 1 182 0
  96 003a 0920     		mov	r0, #9
  97 003c 0C49     		ldr	r1, .L3+32
  98 003e FFF7FEFF 		bl	CyIntSetVector
  99              	.LVL4:
 183:Generated_Source\PSoC4/cyfitter_cfg.c **** 	CyIntEnable(9u);
 100              		.loc 1 183 0
 101 0042 0920     		mov	r0, #9
 102 0044 FFF7FEFF 		bl	CyIntEnable
ARM GAS  C:\Users\NARASH~1\AppData\Local\Temp\ccsRLeh2.s 			page 6


 103              	.LVL5:
 184:Generated_Source\PSoC4/cyfitter_cfg.c **** 	CY_SET_XTND_REG32((void CYFAR *)(CYREG_WDT_CONFIG), 0x00000000u);
 104              		.loc 1 184 0
 105 0048 0A4B     		ldr	r3, .L3+36
 106 004a 1D60     		str	r5, [r3]
 185:Generated_Source\PSoC4/cyfitter_cfg.c **** }
 107              		.loc 1 185 0
 108              		@ sp needed
 109 004c 38BD     		pop	{r3, r4, r5, pc}
 110              	.L4:
 111 004e C046     		.align	2
 112              	.L3:
 113 0050 00010B40 		.word	1074462976
 114 0054 FFFFFBFF 		.word	-262145
 115 0058 06000080 		.word	-2147483642
 116 005c 04010B40 		.word	1074462980
 117 0060 08020240 		.word	1073873416
 118 0064 08010B40 		.word	1074462984
 119 0068 10000080 		.word	-2147483632
 120 006c 00000240 		.word	1073872896
 121 0070 00000000 		.word	CySysWdtIsr
 122 0074 0C020B40 		.word	1074463244
 123              		.cfi_endproc
 124              	.LFE3:
 125              		.size	ClockSetup, .-ClockSetup
 126              		.align	2
 127              		.global	cyfitter_cfg
 128              		.code	16
 129              		.thumb_func
 130              		.type	cyfitter_cfg, %function
 131              	cyfitter_cfg:
 132              	.LFB5:
 186:Generated_Source\PSoC4/cyfitter_cfg.c **** 
 187:Generated_Source\PSoC4/cyfitter_cfg.c **** 
 188:Generated_Source\PSoC4/cyfitter_cfg.c **** /* Analog API Functions */
 189:Generated_Source\PSoC4/cyfitter_cfg.c **** 
 190:Generated_Source\PSoC4/cyfitter_cfg.c **** 
 191:Generated_Source\PSoC4/cyfitter_cfg.c **** /*******************************************************************************
 192:Generated_Source\PSoC4/cyfitter_cfg.c **** * Function Name: AnalogSetDefault
 193:Generated_Source\PSoC4/cyfitter_cfg.c **** ********************************************************************************
 194:Generated_Source\PSoC4/cyfitter_cfg.c **** *
 195:Generated_Source\PSoC4/cyfitter_cfg.c **** * Summary:
 196:Generated_Source\PSoC4/cyfitter_cfg.c **** *  Sets up the analog portions of the chip to default values based on chip
 197:Generated_Source\PSoC4/cyfitter_cfg.c **** *  configuration options from the project.
 198:Generated_Source\PSoC4/cyfitter_cfg.c **** *
 199:Generated_Source\PSoC4/cyfitter_cfg.c **** * Parameters:
 200:Generated_Source\PSoC4/cyfitter_cfg.c **** *  void
 201:Generated_Source\PSoC4/cyfitter_cfg.c **** *
 202:Generated_Source\PSoC4/cyfitter_cfg.c **** * Return:
 203:Generated_Source\PSoC4/cyfitter_cfg.c **** *  void
 204:Generated_Source\PSoC4/cyfitter_cfg.c **** *
 205:Generated_Source\PSoC4/cyfitter_cfg.c **** *******************************************************************************/
 206:Generated_Source\PSoC4/cyfitter_cfg.c **** static void AnalogSetDefault(void);
 207:Generated_Source\PSoC4/cyfitter_cfg.c **** static void AnalogSetDefault(void)
 208:Generated_Source\PSoC4/cyfitter_cfg.c **** {
 209:Generated_Source\PSoC4/cyfitter_cfg.c **** }
 210:Generated_Source\PSoC4/cyfitter_cfg.c **** 
ARM GAS  C:\Users\NARASH~1\AppData\Local\Temp\ccsRLeh2.s 			page 7


 211:Generated_Source\PSoC4/cyfitter_cfg.c **** #define CY_AMUX_UNUSED CYREG_CM0_ROM_DWT
 212:Generated_Source\PSoC4/cyfitter_cfg.c **** 
 213:Generated_Source\PSoC4/cyfitter_cfg.c **** 
 214:Generated_Source\PSoC4/cyfitter_cfg.c **** /*******************************************************************************
 215:Generated_Source\PSoC4/cyfitter_cfg.c **** * Function Name: cyfitter_cfg
 216:Generated_Source\PSoC4/cyfitter_cfg.c **** ********************************************************************************
 217:Generated_Source\PSoC4/cyfitter_cfg.c **** * Summary:
 218:Generated_Source\PSoC4/cyfitter_cfg.c **** *  This function is called by the start-up code for the selected device. It
 219:Generated_Source\PSoC4/cyfitter_cfg.c **** *  performs all of the necessary device configuration based on the design
 220:Generated_Source\PSoC4/cyfitter_cfg.c **** *  settings.  This includes settings from the Design Wide Resources (DWR) such
 221:Generated_Source\PSoC4/cyfitter_cfg.c **** *  as Clocks and Pins as well as any component configuration that is necessary.
 222:Generated_Source\PSoC4/cyfitter_cfg.c **** *
 223:Generated_Source\PSoC4/cyfitter_cfg.c **** * Parameters:  
 224:Generated_Source\PSoC4/cyfitter_cfg.c **** *   void
 225:Generated_Source\PSoC4/cyfitter_cfg.c **** *
 226:Generated_Source\PSoC4/cyfitter_cfg.c **** * Return:
 227:Generated_Source\PSoC4/cyfitter_cfg.c **** *   void
 228:Generated_Source\PSoC4/cyfitter_cfg.c **** *
 229:Generated_Source\PSoC4/cyfitter_cfg.c **** *******************************************************************************/
 230:Generated_Source\PSoC4/cyfitter_cfg.c **** CY_CFG_SECTION
 231:Generated_Source\PSoC4/cyfitter_cfg.c **** void cyfitter_cfg(void)
 232:Generated_Source\PSoC4/cyfitter_cfg.c **** {
 133              		.loc 1 232 0
 134              		.cfi_startproc
 135 0078 10B5     		push	{r4, lr}
 136              		.cfi_def_cfa_offset 8
 137              		.cfi_offset 4, -8
 138              		.cfi_offset 14, -4
 233:Generated_Source\PSoC4/cyfitter_cfg.c **** 	/* Disable interrupts by default. Let user enable if/when they want. */
 234:Generated_Source\PSoC4/cyfitter_cfg.c **** 	CyGlobalIntDisable;
 139              		.loc 1 234 0
 140              	@ 234 "Generated_Source\PSoC4\cyfitter_cfg.c" 1
 141 007a 72B6     		CPSID   i
 142              	@ 0 "" 2
 143              	.LVL6:
 144              		.code	16
 145              	.LBB2:
 235:Generated_Source\PSoC4/cyfitter_cfg.c **** 
 236:Generated_Source\PSoC4/cyfitter_cfg.c **** 	{
 237:Generated_Source\PSoC4/cyfitter_cfg.c **** 
 238:Generated_Source\PSoC4/cyfitter_cfg.c **** 		CYPACKED typedef struct {
 239:Generated_Source\PSoC4/cyfitter_cfg.c **** 			void CYFAR *address;
 240:Generated_Source\PSoC4/cyfitter_cfg.c **** 			uint16 size;
 241:Generated_Source\PSoC4/cyfitter_cfg.c **** 		} CYPACKED_ATTR cfg_memset_t;
 242:Generated_Source\PSoC4/cyfitter_cfg.c **** 
 243:Generated_Source\PSoC4/cyfitter_cfg.c **** 		static const cfg_memset_t CYCODE cfg_memset_list [] = {
 244:Generated_Source\PSoC4/cyfitter_cfg.c **** 			/* address, size */
 245:Generated_Source\PSoC4/cyfitter_cfg.c **** 			{(void CYFAR *)(CYDEV_UDB_P0_U0_BASE), 1024u},
 246:Generated_Source\PSoC4/cyfitter_cfg.c **** 			{(void CYFAR *)(CYDEV_UDB_DSI0_BASE), 1024u},
 247:Generated_Source\PSoC4/cyfitter_cfg.c **** 		};
 248:Generated_Source\PSoC4/cyfitter_cfg.c **** 
 249:Generated_Source\PSoC4/cyfitter_cfg.c **** 		uint8 CYDATA i;
 250:Generated_Source\PSoC4/cyfitter_cfg.c **** 
 251:Generated_Source\PSoC4/cyfitter_cfg.c **** 		/* Zero out critical memory blocks before beginning configuration */
 252:Generated_Source\PSoC4/cyfitter_cfg.c **** 		for (i = 0u; i < (sizeof(cfg_memset_list)/sizeof(cfg_memset_list[0])); i++)
 146              		.loc 1 252 0
 147 007c 0024     		mov	r4, #0
ARM GAS  C:\Users\NARASH~1\AppData\Local\Temp\ccsRLeh2.s 			page 8


 148 007e 10E0     		b	.L6
 149              	.LVL7:
 150              	.L7:
 151              	.LBB3:
 253:Generated_Source\PSoC4/cyfitter_cfg.c **** 		{
 254:Generated_Source\PSoC4/cyfitter_cfg.c **** 			const cfg_memset_t CYCODE * CYDATA ms = &cfg_memset_list[i];
 255:Generated_Source\PSoC4/cyfitter_cfg.c **** 			CYMEMZERO(ms->address, (size_t)(uint32)(ms->size));
 152              		.loc 1 255 0 discriminator 3
 153 0080 2248     		ldr	r0, .L8
 154 0082 6300     		lsl	r3, r4, #1
 155 0084 1A19     		add	r2, r3, r4
 156 0086 5200     		lsl	r2, r2, #1
 157 0088 8218     		add	r2, r0, r2
 158 008a 9188     		ldrh	r1, [r2, #4]
 159 008c 1B19     		add	r3, r3, r4
 160 008e 5B00     		lsl	r3, r3, #1
 161 0090 1A5A     		ldrh	r2, [r3, r0]
 162 0092 C318     		add	r3, r0, r3
 163 0094 5888     		ldrh	r0, [r3, #2]
 164 0096 0004     		lsl	r0, r0, #16
 165 0098 1043     		orr	r0, r2
 166 009a FFF7FEFF 		bl	CYMEMZERO
 167              	.LVL8:
 168              	.LBE3:
 252:Generated_Source\PSoC4/cyfitter_cfg.c **** 		{
 169              		.loc 1 252 0 discriminator 3
 170 009e 0134     		add	r4, r4, #1
 171              	.LVL9:
 172 00a0 E4B2     		uxtb	r4, r4
 173              	.LVL10:
 174              	.L6:
 252:Generated_Source\PSoC4/cyfitter_cfg.c **** 		{
 175              		.loc 1 252 0 is_stmt 0 discriminator 1
 176 00a2 012C     		cmp	r4, #1
 177 00a4 ECD9     		bls	.L7
 256:Generated_Source\PSoC4/cyfitter_cfg.c **** 		}
 257:Generated_Source\PSoC4/cyfitter_cfg.c **** 
 258:Generated_Source\PSoC4/cyfitter_cfg.c **** 		/* HSIOM Starting address: CYDEV_HSIOM_BASE */
 259:Generated_Source\PSoC4/cyfitter_cfg.c **** 		CY_SET_XTND_REG32((void CYFAR *)(CYREG_HSIOM_PORT_SEL3), 0x0000EE00u);
 178              		.loc 1 259 0 is_stmt 1
 179 00a6 EE22     		mov	r2, #238
 180 00a8 1202     		lsl	r2, r2, #8
 181 00aa 194B     		ldr	r3, .L8+4
 182 00ac 1A60     		str	r2, [r3]
 260:Generated_Source\PSoC4/cyfitter_cfg.c **** 		CY_SET_XTND_REG32((void CYFAR *)(CYREG_HSIOM_PORT_SEL4), 0x00000099u);
 183              		.loc 1 260 0
 184 00ae 9922     		mov	r2, #153
 185 00b0 184B     		ldr	r3, .L8+8
 186 00b2 1A60     		str	r2, [r3]
 261:Generated_Source\PSoC4/cyfitter_cfg.c **** 
 262:Generated_Source\PSoC4/cyfitter_cfg.c **** 		/* UDB_PA_0 Starting address: CYDEV_UDB_PA0_BASE */
 263:Generated_Source\PSoC4/cyfitter_cfg.c **** 		CY_SET_XTND_REG32((void CYFAR *)(CYDEV_UDB_PA0_BASE), 0x00990000u);
 187              		.loc 1 263 0
 188 00b4 9923     		mov	r3, #153
 189 00b6 1B04     		lsl	r3, r3, #16
 190 00b8 174A     		ldr	r2, .L8+12
 191 00ba 1360     		str	r3, [r2]
ARM GAS  C:\Users\NARASH~1\AppData\Local\Temp\ccsRLeh2.s 			page 9


 264:Generated_Source\PSoC4/cyfitter_cfg.c **** 
 265:Generated_Source\PSoC4/cyfitter_cfg.c **** 		/* UDB_PA_3 Starting address: CYDEV_UDB_PA3_BASE */
 266:Generated_Source\PSoC4/cyfitter_cfg.c **** 		CY_SET_XTND_REG32((void CYFAR *)(CYDEV_UDB_PA3_BASE), 0x00990000u);
 192              		.loc 1 266 0
 193 00bc 174A     		ldr	r2, .L8+16
 194 00be 1360     		str	r3, [r2]
 267:Generated_Source\PSoC4/cyfitter_cfg.c **** 
 268:Generated_Source\PSoC4/cyfitter_cfg.c **** 		/* Enable digital routing */
 269:Generated_Source\PSoC4/cyfitter_cfg.c **** 		CY_SET_XTND_REG8((void *)CYREG_UDB_UDBIF_BANK_CTL, CY_GET_XTND_REG8((void *)CYREG_UDB_UDBIF_BANK_
 195              		.loc 1 269 0
 196 00c0 174B     		ldr	r3, .L8+20
 197 00c2 1978     		ldrb	r1, [r3]
 198 00c4 0220     		mov	r0, #2
 199 00c6 0222     		mov	r2, #2
 200 00c8 0A43     		orr	r2, r1
 201 00ca 1A70     		strb	r2, [r3]
 270:Generated_Source\PSoC4/cyfitter_cfg.c **** 
 271:Generated_Source\PSoC4/cyfitter_cfg.c **** 		/* Enable UDB array */
 272:Generated_Source\PSoC4/cyfitter_cfg.c **** 		CY_SET_XTND_REG8((void *)CYREG_UDB_UDBIF_WAIT_CFG, (uint8)((CY_GET_XTND_REG8((void *)CYREG_UDB_UD
 202              		.loc 1 272 0
 203 00cc 154C     		ldr	r4, .L8+24
 204              	.LVL11:
 205 00ce 2278     		ldrb	r2, [r4]
 206 00d0 3C21     		mov	r1, #60
 207 00d2 8A43     		bic	r2, r1
 208 00d4 2839     		sub	r1, r1, #40
 209 00d6 0A43     		orr	r2, r1
 210 00d8 2270     		strb	r2, [r4]
 273:Generated_Source\PSoC4/cyfitter_cfg.c **** 		CY_SET_XTND_REG8((void *)CYREG_UDB_UDBIF_BANK_CTL, (uint8)(CY_GET_XTND_REG8((void *)CYREG_UDB_UDB
 211              		.loc 1 273 0
 212 00da 1978     		ldrb	r1, [r3]
 213 00dc 1622     		mov	r2, #22
 214 00de 0A43     		orr	r2, r1
 215 00e0 1A70     		strb	r2, [r3]
 216              	.LBE2:
 274:Generated_Source\PSoC4/cyfitter_cfg.c **** 	}
 275:Generated_Source\PSoC4/cyfitter_cfg.c **** 
 276:Generated_Source\PSoC4/cyfitter_cfg.c **** 	/* Perform second pass device configuration. These items must be configured in specific order afte
 277:Generated_Source\PSoC4/cyfitter_cfg.c **** 	/* IOPINS0_0 Starting address: CYDEV_PRT0_BASE */
 278:Generated_Source\PSoC4/cyfitter_cfg.c **** 	CY_SET_XTND_REG32((void CYFAR *)(CYDEV_PRT0_BASE), 0x00000001u);
 217              		.loc 1 278 0
 218 00e2 0122     		mov	r2, #1
 219 00e4 104B     		ldr	r3, .L8+28
 220 00e6 1A60     		str	r2, [r3]
 279:Generated_Source\PSoC4/cyfitter_cfg.c **** 	CY_SET_XTND_REG32((void CYFAR *)(CYREG_PRT0_PC), 0x00000004u);
 221              		.loc 1 279 0
 222 00e8 0332     		add	r2, r2, #3
 223 00ea 104B     		ldr	r3, .L8+32
 224 00ec 1A60     		str	r2, [r3]
 280:Generated_Source\PSoC4/cyfitter_cfg.c **** 
 281:Generated_Source\PSoC4/cyfitter_cfg.c **** 	/* IOPINS0_3 Starting address: CYDEV_PRT3_BASE */
 282:Generated_Source\PSoC4/cyfitter_cfg.c **** 	CY_SET_XTND_REG32((void CYFAR *)(CYREG_PRT3_PC), 0x00000D80u);
 225              		.loc 1 282 0
 226 00ee D822     		mov	r2, #216
 227 00f0 1201     		lsl	r2, r2, #4
 228 00f2 0F4B     		ldr	r3, .L8+36
 229 00f4 1A60     		str	r2, [r3]
ARM GAS  C:\Users\NARASH~1\AppData\Local\Temp\ccsRLeh2.s 			page 10


 283:Generated_Source\PSoC4/cyfitter_cfg.c **** 
 284:Generated_Source\PSoC4/cyfitter_cfg.c **** 	/* IOPINS0_4 Starting address: CYDEV_PRT4_BASE */
 285:Generated_Source\PSoC4/cyfitter_cfg.c **** 	CY_SET_XTND_REG32((void CYFAR *)(CYDEV_PRT4_BASE), 0x00000002u);
 230              		.loc 1 285 0
 231 00f6 0F4B     		ldr	r3, .L8+40
 232 00f8 1860     		str	r0, [r3]
 286:Generated_Source\PSoC4/cyfitter_cfg.c **** 	CY_SET_XTND_REG32((void CYFAR *)(CYREG_PRT4_PC), 0x00000031u);
 233              		.loc 1 286 0
 234 00fa 3122     		mov	r2, #49
 235 00fc 0E4B     		ldr	r3, .L8+44
 236 00fe 1A60     		str	r2, [r3]
 287:Generated_Source\PSoC4/cyfitter_cfg.c **** 	CY_SET_XTND_REG32((void CYFAR *)(CYREG_PRT4_PC2), 0x00000002u);
 237              		.loc 1 287 0
 238 0100 0E4B     		ldr	r3, .L8+48
 239 0102 1860     		str	r0, [r3]
 288:Generated_Source\PSoC4/cyfitter_cfg.c **** 
 289:Generated_Source\PSoC4/cyfitter_cfg.c **** 
 290:Generated_Source\PSoC4/cyfitter_cfg.c **** 	/* Setup clocks based on selections from Clock DWR */
 291:Generated_Source\PSoC4/cyfitter_cfg.c **** 	ClockSetup();
 240              		.loc 1 291 0
 241 0104 FFF77CFF 		bl	ClockSetup
 242              	.LVL12:
 292:Generated_Source\PSoC4/cyfitter_cfg.c **** 
 293:Generated_Source\PSoC4/cyfitter_cfg.c **** 	/* Perform basic analog initialization to defaults */
 294:Generated_Source\PSoC4/cyfitter_cfg.c **** 	AnalogSetDefault();
 295:Generated_Source\PSoC4/cyfitter_cfg.c **** 
 296:Generated_Source\PSoC4/cyfitter_cfg.c **** }
 243              		.loc 1 296 0
 244              		@ sp needed
 245 0108 10BD     		pop	{r4, pc}
 246              	.L9:
 247 010a C046     		.align	2
 248              	.L8:
 249 010c 00000000 		.word	.LANCHOR0
 250 0110 0C000140 		.word	1073807372
 251 0114 10000140 		.word	1073807376
 252 0118 00500F40 		.word	1074745344
 253 011c 30500F40 		.word	1074745392
 254 0120 00700F40 		.word	1074753536
 255 0124 01700F40 		.word	1074753537
 256 0128 00000440 		.word	1074003968
 257 012c 08000440 		.word	1074003976
 258 0130 08030440 		.word	1074004744
 259 0134 00040440 		.word	1074004992
 260 0138 08040440 		.word	1074005000
 261 013c 18040440 		.word	1074005016
 262              		.cfi_endproc
 263              	.LFE5:
 264              		.size	cyfitter_cfg, .-cyfitter_cfg
 265              		.section	.rodata
 266              		.align	2
 267              		.set	.LANCHOR0,. + 0
 268              		.type	cfg_memset_list.4725, %object
 269              		.size	cfg_memset_list.4725, 12
 270              	cfg_memset_list.4725:
 271 0000 00300F40 		.word	1074737152
 272 0004 0004     		.short	1024
ARM GAS  C:\Users\NARASH~1\AppData\Local\Temp\ccsRLeh2.s 			page 11


 273 0006 00400F40 		.4byte	1074741248
 274 000a 0004     		.short	1024
 275              		.text
 276              	.Letext0:
 277              		.file 2 "c:\\program files (x86)\\cypress\\psoc creator\\4.0\\psoc creator\\import\\gnu\\arm\\4.9.
 278              		.file 3 "Generated_Source\\PSoC4\\cytypes.h"
 279              		.file 4 "Generated_Source\\PSoC4\\CyLib.h"
 280              		.section	.debug_info,"",%progbits
 281              	.Ldebug_info0:
 282 0000 8F020000 		.4byte	0x28f
 283 0004 0400     		.2byte	0x4
 284 0006 00000000 		.4byte	.Ldebug_abbrev0
 285 000a 04       		.byte	0x4
 286 000b 01       		.uleb128 0x1
 287 000c 21010000 		.4byte	.LASF28
 288 0010 01       		.byte	0x1
 289 0011 2E020000 		.4byte	.LASF29
 290 0015 CE010000 		.4byte	.LASF30
 291 0019 00000000 		.4byte	.Ldebug_ranges0+0
 292 001d 00000000 		.4byte	0
 293 0021 00000000 		.4byte	.Ldebug_line0
 294 0025 02       		.uleb128 0x2
 295 0026 04       		.byte	0x4
 296 0027 05       		.byte	0x5
 297 0028 696E7400 		.ascii	"int\000"
 298 002c 03       		.uleb128 0x3
 299 002d 06000000 		.4byte	.LASF11
 300 0031 02       		.byte	0x2
 301 0032 D4       		.byte	0xd4
 302 0033 37000000 		.4byte	0x37
 303 0037 04       		.uleb128 0x4
 304 0038 04       		.byte	0x4
 305 0039 07       		.byte	0x7
 306 003a B2000000 		.4byte	.LASF0
 307 003e 04       		.uleb128 0x4
 308 003f 01       		.byte	0x1
 309 0040 06       		.byte	0x6
 310 0041 22020000 		.4byte	.LASF1
 311 0045 04       		.uleb128 0x4
 312 0046 01       		.byte	0x1
 313 0047 08       		.byte	0x8
 314 0048 7C000000 		.4byte	.LASF2
 315 004c 04       		.uleb128 0x4
 316 004d 02       		.byte	0x2
 317 004e 05       		.byte	0x5
 318 004f AF010000 		.4byte	.LASF3
 319 0053 04       		.uleb128 0x4
 320 0054 02       		.byte	0x2
 321 0055 07       		.byte	0x7
 322 0056 37000000 		.4byte	.LASF4
 323 005a 04       		.uleb128 0x4
 324 005b 04       		.byte	0x4
 325 005c 05       		.byte	0x5
 326 005d 19020000 		.4byte	.LASF5
 327 0061 04       		.uleb128 0x4
 328 0062 04       		.byte	0x4
 329 0063 07       		.byte	0x7
ARM GAS  C:\Users\NARASH~1\AppData\Local\Temp\ccsRLeh2.s 			page 12


 330 0064 5A000000 		.4byte	.LASF6
 331 0068 04       		.uleb128 0x4
 332 0069 08       		.byte	0x8
 333 006a 05       		.byte	0x5
 334 006b 0E010000 		.4byte	.LASF7
 335 006f 04       		.uleb128 0x4
 336 0070 08       		.byte	0x8
 337 0071 07       		.byte	0x7
 338 0072 D4000000 		.4byte	.LASF8
 339 0076 04       		.uleb128 0x4
 340 0077 04       		.byte	0x4
 341 0078 07       		.byte	0x7
 342 0079 05010000 		.4byte	.LASF9
 343 007d 05       		.uleb128 0x5
 344 007e 04       		.byte	0x4
 345 007f 06       		.uleb128 0x6
 346 0080 04       		.byte	0x4
 347 0081 85000000 		.4byte	0x85
 348 0085 07       		.uleb128 0x7
 349 0086 04       		.uleb128 0x4
 350 0087 01       		.byte	0x1
 351 0088 08       		.byte	0x8
 352 0089 1C010000 		.4byte	.LASF10
 353 008d 08       		.uleb128 0x8
 354 008e 6C000000 		.4byte	.LASF12
 355 0092 03       		.byte	0x3
 356 0093 B901     		.2byte	0x1b9
 357 0095 45000000 		.4byte	0x45
 358 0099 08       		.uleb128 0x8
 359 009a A4000000 		.4byte	.LASF13
 360 009e 03       		.byte	0x3
 361 009f BA01     		.2byte	0x1ba
 362 00a1 53000000 		.4byte	0x53
 363 00a5 08       		.uleb128 0x8
 364 00a6 AB000000 		.4byte	.LASF14
 365 00aa 03       		.byte	0x3
 366 00ab BB01     		.2byte	0x1bb
 367 00ad 61000000 		.4byte	0x61
 368 00b1 04       		.uleb128 0x4
 369 00b2 04       		.byte	0x4
 370 00b3 04       		.byte	0x4
 371 00b4 4A000000 		.4byte	.LASF15
 372 00b8 04       		.uleb128 0x4
 373 00b9 08       		.byte	0x8
 374 00ba 04       		.byte	0x4
 375 00bb 91000000 		.4byte	.LASF16
 376 00bf 08       		.uleb128 0x8
 377 00c0 55000000 		.4byte	.LASF17
 378 00c4 03       		.byte	0x3
 379 00c5 6302     		.2byte	0x263
 380 00c7 CB000000 		.4byte	0xcb
 381 00cb 09       		.uleb128 0x9
 382 00cc 8D000000 		.4byte	0x8d
 383 00d0 08       		.uleb128 0x8
 384 00d1 00000000 		.4byte	.LASF18
 385 00d5 03       		.byte	0x3
 386 00d6 6502     		.2byte	0x265
ARM GAS  C:\Users\NARASH~1\AppData\Local\Temp\ccsRLeh2.s 			page 13


 387 00d8 DC000000 		.4byte	0xdc
 388 00dc 09       		.uleb128 0x9
 389 00dd A5000000 		.4byte	0xa5
 390 00e1 08       		.uleb128 0x8
 391 00e2 EB000000 		.4byte	.LASF19
 392 00e6 03       		.byte	0x3
 393 00e7 7502     		.2byte	0x275
 394 00e9 7F000000 		.4byte	0x7f
 395 00ed 0A       		.uleb128 0xa
 396 00ee 72000000 		.4byte	.LASF20
 397 00f2 01       		.byte	0x1
 398 00f3 3E       		.byte	0x3e
 399 00f4 00000000 		.4byte	.LFB0
 400 00f8 0C000000 		.4byte	.LFE0-.LFB0
 401 00fc 01       		.uleb128 0x1
 402 00fd 9C       		.byte	0x9c
 403 00fe 3A010000 		.4byte	0x13a
 404 0102 0B       		.uleb128 0xb
 405 0103 7300     		.ascii	"s\000"
 406 0105 01       		.byte	0x1
 407 0106 3E       		.byte	0x3e
 408 0107 7D000000 		.4byte	0x7d
 409 010b 00000000 		.4byte	.LLST0
 410 010f 0B       		.uleb128 0xb
 411 0110 6E00     		.ascii	"n\000"
 412 0112 01       		.byte	0x1
 413 0113 3E       		.byte	0x3e
 414 0114 2C000000 		.4byte	0x2c
 415 0118 21000000 		.4byte	.LLST1
 416 011c 0C       		.uleb128 0xc
 417 011d 0A000000 		.4byte	.LVL2
 418 0121 3D020000 		.4byte	0x23d
 419 0125 0D       		.uleb128 0xd
 420 0126 01       		.uleb128 0x1
 421 0127 52       		.byte	0x52
 422 0128 03       		.uleb128 0x3
 423 0129 F3       		.byte	0xf3
 424 012a 01       		.uleb128 0x1
 425 012b 51       		.byte	0x51
 426 012c 0D       		.uleb128 0xd
 427 012d 01       		.uleb128 0x1
 428 012e 51       		.byte	0x51
 429 012f 01       		.uleb128 0x1
 430 0130 30       		.byte	0x30
 431 0131 0D       		.uleb128 0xd
 432 0132 01       		.uleb128 0x1
 433 0133 50       		.byte	0x50
 434 0134 03       		.uleb128 0x3
 435 0135 F3       		.byte	0xf3
 436 0136 01       		.uleb128 0x1
 437 0137 50       		.byte	0x50
 438 0138 00       		.byte	0
 439 0139 00       		.byte	0
 440 013a 0A       		.uleb128 0xa
 441 013b 2C000000 		.4byte	.LASF21
 442 013f 01       		.byte	0x1
 443 0140 9C       		.byte	0x9c
ARM GAS  C:\Users\NARASH~1\AppData\Local\Temp\ccsRLeh2.s 			page 14


 444 0141 00000000 		.4byte	.LFB3
 445 0145 78000000 		.4byte	.LFE3-.LFB3
 446 0149 01       		.uleb128 0x1
 447 014a 9C       		.byte	0x9c
 448 014b 85010000 		.4byte	0x185
 449 014f 0E       		.uleb128 0xe
 450 0150 14000000 		.4byte	.LVL3
 451 0154 5A020000 		.4byte	0x25a
 452 0158 62010000 		.4byte	0x162
 453 015c 0D       		.uleb128 0xd
 454 015d 01       		.uleb128 0x1
 455 015e 50       		.byte	0x50
 456 015f 01       		.uleb128 0x1
 457 0160 48       		.byte	0x48
 458 0161 00       		.byte	0
 459 0162 0E       		.uleb128 0xe
 460 0163 42000000 		.4byte	.LVL4
 461 0167 6B020000 		.4byte	0x26b
 462 016b 75010000 		.4byte	0x175
 463 016f 0D       		.uleb128 0xd
 464 0170 01       		.uleb128 0x1
 465 0171 50       		.byte	0x50
 466 0172 01       		.uleb128 0x1
 467 0173 39       		.byte	0x39
 468 0174 00       		.byte	0
 469 0175 0C       		.uleb128 0xc
 470 0176 48000000 		.4byte	.LVL5
 471 017a 85020000 		.4byte	0x285
 472 017e 0D       		.uleb128 0xd
 473 017f 01       		.uleb128 0x1
 474 0180 50       		.byte	0x50
 475 0181 01       		.uleb128 0x1
 476 0182 39       		.byte	0x39
 477 0183 00       		.byte	0
 478 0184 00       		.byte	0
 479 0185 0F       		.uleb128 0xf
 480 0186 BF000000 		.4byte	.LASF31
 481 018a 01       		.byte	0x1
 482 018b E7       		.byte	0xe7
 483 018c 78000000 		.4byte	.LFB5
 484 0190 C8000000 		.4byte	.LFE5-.LFB5
 485 0194 01       		.uleb128 0x1
 486 0195 9C       		.byte	0x9c
 487 0196 3D020000 		.4byte	0x23d
 488 019a 10       		.uleb128 0x10
 489 019b 7C000000 		.4byte	.LBB2
 490 019f 66000000 		.4byte	.LBE2-.LBB2
 491 01a3 33020000 		.4byte	0x233
 492 01a7 11       		.uleb128 0x11
 493 01a8 06       		.byte	0x6
 494 01a9 01       		.byte	0x1
 495 01aa EE       		.byte	0xee
 496 01ab C8010000 		.4byte	0x1c8
 497 01af 12       		.uleb128 0x12
 498 01b0 CC000000 		.4byte	.LASF22
 499 01b4 01       		.byte	0x1
 500 01b5 EF       		.byte	0xef
ARM GAS  C:\Users\NARASH~1\AppData\Local\Temp\ccsRLeh2.s 			page 15


 501 01b6 7D000000 		.4byte	0x7d
 502 01ba 00       		.byte	0
 503 01bb 12       		.uleb128 0x12
 504 01bc 50000000 		.4byte	.LASF23
 505 01c0 01       		.byte	0x1
 506 01c1 F0       		.byte	0xf0
 507 01c2 99000000 		.4byte	0x99
 508 01c6 04       		.byte	0x4
 509 01c7 00       		.byte	0
 510 01c8 03       		.uleb128 0x3
 511 01c9 F8000000 		.4byte	.LASF24
 512 01cd 01       		.byte	0x1
 513 01ce F1       		.byte	0xf1
 514 01cf A7010000 		.4byte	0x1a7
 515 01d3 13       		.uleb128 0x13
 516 01d4 C8010000 		.4byte	0x1c8
 517 01d8 E3010000 		.4byte	0x1e3
 518 01dc 14       		.uleb128 0x14
 519 01dd 76000000 		.4byte	0x76
 520 01e1 01       		.byte	0x1
 521 01e2 00       		.byte	0
 522 01e3 15       		.uleb128 0x15
 523 01e4 1C000000 		.4byte	.LASF25
 524 01e8 01       		.byte	0x1
 525 01e9 F3       		.byte	0xf3
 526 01ea F4010000 		.4byte	0x1f4
 527 01ee 05       		.uleb128 0x5
 528 01ef 03       		.byte	0x3
 529 01f0 00000000 		.4byte	cfg_memset_list.4725
 530 01f4 16       		.uleb128 0x16
 531 01f5 D3010000 		.4byte	0x1d3
 532 01f9 17       		.uleb128 0x17
 533 01fa 6900     		.ascii	"i\000"
 534 01fc 01       		.byte	0x1
 535 01fd F9       		.byte	0xf9
 536 01fe 8D000000 		.4byte	0x8d
 537 0202 4D000000 		.4byte	.LLST2
 538 0206 18       		.uleb128 0x18
 539 0207 80000000 		.4byte	.LBB3
 540 020b 1E000000 		.4byte	.LBE3-.LBB3
 541 020f 17       		.uleb128 0x17
 542 0210 6D7300   		.ascii	"ms\000"
 543 0213 01       		.byte	0x1
 544 0214 FE       		.byte	0xfe
 545 0215 1D020000 		.4byte	0x21d
 546 0219 77000000 		.4byte	.LLST3
 547 021d 06       		.uleb128 0x6
 548 021e 04       		.byte	0x4
 549 021f 23020000 		.4byte	0x223
 550 0223 16       		.uleb128 0x16
 551 0224 C8010000 		.4byte	0x1c8
 552 0228 19       		.uleb128 0x19
 553 0229 9E000000 		.4byte	.LVL8
 554 022d ED000000 		.4byte	0xed
 555 0231 00       		.byte	0
 556 0232 00       		.byte	0
 557 0233 19       		.uleb128 0x19
ARM GAS  C:\Users\NARASH~1\AppData\Local\Temp\ccsRLeh2.s 			page 16


 558 0234 08010000 		.4byte	.LVL12
 559 0238 3A010000 		.4byte	0x13a
 560 023c 00       		.byte	0
 561 023d 1A       		.uleb128 0x1a
 562 023e 8A000000 		.4byte	.LASF26
 563 0242 7D000000 		.4byte	0x7d
 564 0246 5A020000 		.4byte	0x25a
 565 024a 1B       		.uleb128 0x1b
 566 024b 7D000000 		.4byte	0x7d
 567 024f 1B       		.uleb128 0x1b
 568 0250 25000000 		.4byte	0x25
 569 0254 1B       		.uleb128 0x1b
 570 0255 76000000 		.4byte	0x76
 571 0259 00       		.byte	0
 572 025a 1C       		.uleb128 0x1c
 573 025b B9010000 		.4byte	.LASF27
 574 025f 04       		.byte	0x4
 575 0260 6C       		.byte	0x6c
 576 0261 6B020000 		.4byte	0x26b
 577 0265 1B       		.uleb128 0x1b
 578 0266 A5000000 		.4byte	0xa5
 579 026a 00       		.byte	0
 580 026b 1D       		.uleb128 0x1d
 581 026c 0D000000 		.4byte	.LASF32
 582 0270 04       		.byte	0x4
 583 0271 BD       		.byte	0xbd
 584 0272 E1000000 		.4byte	0xe1
 585 0276 85020000 		.4byte	0x285
 586 027a 1B       		.uleb128 0x1b
 587 027b 8D000000 		.4byte	0x8d
 588 027f 1B       		.uleb128 0x1b
 589 0280 E1000000 		.4byte	0xe1
 590 0284 00       		.byte	0
 591 0285 1E       		.uleb128 0x1e
 592 0286 98000000 		.4byte	.LASF33
 593 028a 04       		.byte	0x4
 594 028b C3       		.byte	0xc3
 595 028c 1B       		.uleb128 0x1b
 596 028d 8D000000 		.4byte	0x8d
 597 0291 00       		.byte	0
 598 0292 00       		.byte	0
 599              		.section	.debug_abbrev,"",%progbits
 600              	.Ldebug_abbrev0:
 601 0000 01       		.uleb128 0x1
 602 0001 11       		.uleb128 0x11
 603 0002 01       		.byte	0x1
 604 0003 25       		.uleb128 0x25
 605 0004 0E       		.uleb128 0xe
 606 0005 13       		.uleb128 0x13
 607 0006 0B       		.uleb128 0xb
 608 0007 03       		.uleb128 0x3
 609 0008 0E       		.uleb128 0xe
 610 0009 1B       		.uleb128 0x1b
 611 000a 0E       		.uleb128 0xe
 612 000b 55       		.uleb128 0x55
 613 000c 17       		.uleb128 0x17
 614 000d 11       		.uleb128 0x11
ARM GAS  C:\Users\NARASH~1\AppData\Local\Temp\ccsRLeh2.s 			page 17


 615 000e 01       		.uleb128 0x1
 616 000f 10       		.uleb128 0x10
 617 0010 17       		.uleb128 0x17
 618 0011 00       		.byte	0
 619 0012 00       		.byte	0
 620 0013 02       		.uleb128 0x2
 621 0014 24       		.uleb128 0x24
 622 0015 00       		.byte	0
 623 0016 0B       		.uleb128 0xb
 624 0017 0B       		.uleb128 0xb
 625 0018 3E       		.uleb128 0x3e
 626 0019 0B       		.uleb128 0xb
 627 001a 03       		.uleb128 0x3
 628 001b 08       		.uleb128 0x8
 629 001c 00       		.byte	0
 630 001d 00       		.byte	0
 631 001e 03       		.uleb128 0x3
 632 001f 16       		.uleb128 0x16
 633 0020 00       		.byte	0
 634 0021 03       		.uleb128 0x3
 635 0022 0E       		.uleb128 0xe
 636 0023 3A       		.uleb128 0x3a
 637 0024 0B       		.uleb128 0xb
 638 0025 3B       		.uleb128 0x3b
 639 0026 0B       		.uleb128 0xb
 640 0027 49       		.uleb128 0x49
 641 0028 13       		.uleb128 0x13
 642 0029 00       		.byte	0
 643 002a 00       		.byte	0
 644 002b 04       		.uleb128 0x4
 645 002c 24       		.uleb128 0x24
 646 002d 00       		.byte	0
 647 002e 0B       		.uleb128 0xb
 648 002f 0B       		.uleb128 0xb
 649 0030 3E       		.uleb128 0x3e
 650 0031 0B       		.uleb128 0xb
 651 0032 03       		.uleb128 0x3
 652 0033 0E       		.uleb128 0xe
 653 0034 00       		.byte	0
 654 0035 00       		.byte	0
 655 0036 05       		.uleb128 0x5
 656 0037 0F       		.uleb128 0xf
 657 0038 00       		.byte	0
 658 0039 0B       		.uleb128 0xb
 659 003a 0B       		.uleb128 0xb
 660 003b 00       		.byte	0
 661 003c 00       		.byte	0
 662 003d 06       		.uleb128 0x6
 663 003e 0F       		.uleb128 0xf
 664 003f 00       		.byte	0
 665 0040 0B       		.uleb128 0xb
 666 0041 0B       		.uleb128 0xb
 667 0042 49       		.uleb128 0x49
 668 0043 13       		.uleb128 0x13
 669 0044 00       		.byte	0
 670 0045 00       		.byte	0
 671 0046 07       		.uleb128 0x7
ARM GAS  C:\Users\NARASH~1\AppData\Local\Temp\ccsRLeh2.s 			page 18


 672 0047 15       		.uleb128 0x15
 673 0048 00       		.byte	0
 674 0049 27       		.uleb128 0x27
 675 004a 19       		.uleb128 0x19
 676 004b 00       		.byte	0
 677 004c 00       		.byte	0
 678 004d 08       		.uleb128 0x8
 679 004e 16       		.uleb128 0x16
 680 004f 00       		.byte	0
 681 0050 03       		.uleb128 0x3
 682 0051 0E       		.uleb128 0xe
 683 0052 3A       		.uleb128 0x3a
 684 0053 0B       		.uleb128 0xb
 685 0054 3B       		.uleb128 0x3b
 686 0055 05       		.uleb128 0x5
 687 0056 49       		.uleb128 0x49
 688 0057 13       		.uleb128 0x13
 689 0058 00       		.byte	0
 690 0059 00       		.byte	0
 691 005a 09       		.uleb128 0x9
 692 005b 35       		.uleb128 0x35
 693 005c 00       		.byte	0
 694 005d 49       		.uleb128 0x49
 695 005e 13       		.uleb128 0x13
 696 005f 00       		.byte	0
 697 0060 00       		.byte	0
 698 0061 0A       		.uleb128 0xa
 699 0062 2E       		.uleb128 0x2e
 700 0063 01       		.byte	0x1
 701 0064 03       		.uleb128 0x3
 702 0065 0E       		.uleb128 0xe
 703 0066 3A       		.uleb128 0x3a
 704 0067 0B       		.uleb128 0xb
 705 0068 3B       		.uleb128 0x3b
 706 0069 0B       		.uleb128 0xb
 707 006a 27       		.uleb128 0x27
 708 006b 19       		.uleb128 0x19
 709 006c 11       		.uleb128 0x11
 710 006d 01       		.uleb128 0x1
 711 006e 12       		.uleb128 0x12
 712 006f 06       		.uleb128 0x6
 713 0070 40       		.uleb128 0x40
 714 0071 18       		.uleb128 0x18
 715 0072 9742     		.uleb128 0x2117
 716 0074 19       		.uleb128 0x19
 717 0075 01       		.uleb128 0x1
 718 0076 13       		.uleb128 0x13
 719 0077 00       		.byte	0
 720 0078 00       		.byte	0
 721 0079 0B       		.uleb128 0xb
 722 007a 05       		.uleb128 0x5
 723 007b 00       		.byte	0
 724 007c 03       		.uleb128 0x3
 725 007d 08       		.uleb128 0x8
 726 007e 3A       		.uleb128 0x3a
 727 007f 0B       		.uleb128 0xb
 728 0080 3B       		.uleb128 0x3b
ARM GAS  C:\Users\NARASH~1\AppData\Local\Temp\ccsRLeh2.s 			page 19


 729 0081 0B       		.uleb128 0xb
 730 0082 49       		.uleb128 0x49
 731 0083 13       		.uleb128 0x13
 732 0084 02       		.uleb128 0x2
 733 0085 17       		.uleb128 0x17
 734 0086 00       		.byte	0
 735 0087 00       		.byte	0
 736 0088 0C       		.uleb128 0xc
 737 0089 898201   		.uleb128 0x4109
 738 008c 01       		.byte	0x1
 739 008d 11       		.uleb128 0x11
 740 008e 01       		.uleb128 0x1
 741 008f 31       		.uleb128 0x31
 742 0090 13       		.uleb128 0x13
 743 0091 00       		.byte	0
 744 0092 00       		.byte	0
 745 0093 0D       		.uleb128 0xd
 746 0094 8A8201   		.uleb128 0x410a
 747 0097 00       		.byte	0
 748 0098 02       		.uleb128 0x2
 749 0099 18       		.uleb128 0x18
 750 009a 9142     		.uleb128 0x2111
 751 009c 18       		.uleb128 0x18
 752 009d 00       		.byte	0
 753 009e 00       		.byte	0
 754 009f 0E       		.uleb128 0xe
 755 00a0 898201   		.uleb128 0x4109
 756 00a3 01       		.byte	0x1
 757 00a4 11       		.uleb128 0x11
 758 00a5 01       		.uleb128 0x1
 759 00a6 31       		.uleb128 0x31
 760 00a7 13       		.uleb128 0x13
 761 00a8 01       		.uleb128 0x1
 762 00a9 13       		.uleb128 0x13
 763 00aa 00       		.byte	0
 764 00ab 00       		.byte	0
 765 00ac 0F       		.uleb128 0xf
 766 00ad 2E       		.uleb128 0x2e
 767 00ae 01       		.byte	0x1
 768 00af 3F       		.uleb128 0x3f
 769 00b0 19       		.uleb128 0x19
 770 00b1 03       		.uleb128 0x3
 771 00b2 0E       		.uleb128 0xe
 772 00b3 3A       		.uleb128 0x3a
 773 00b4 0B       		.uleb128 0xb
 774 00b5 3B       		.uleb128 0x3b
 775 00b6 0B       		.uleb128 0xb
 776 00b7 27       		.uleb128 0x27
 777 00b8 19       		.uleb128 0x19
 778 00b9 11       		.uleb128 0x11
 779 00ba 01       		.uleb128 0x1
 780 00bb 12       		.uleb128 0x12
 781 00bc 06       		.uleb128 0x6
 782 00bd 40       		.uleb128 0x40
 783 00be 18       		.uleb128 0x18
 784 00bf 9742     		.uleb128 0x2117
 785 00c1 19       		.uleb128 0x19
ARM GAS  C:\Users\NARASH~1\AppData\Local\Temp\ccsRLeh2.s 			page 20


 786 00c2 01       		.uleb128 0x1
 787 00c3 13       		.uleb128 0x13
 788 00c4 00       		.byte	0
 789 00c5 00       		.byte	0
 790 00c6 10       		.uleb128 0x10
 791 00c7 0B       		.uleb128 0xb
 792 00c8 01       		.byte	0x1
 793 00c9 11       		.uleb128 0x11
 794 00ca 01       		.uleb128 0x1
 795 00cb 12       		.uleb128 0x12
 796 00cc 06       		.uleb128 0x6
 797 00cd 01       		.uleb128 0x1
 798 00ce 13       		.uleb128 0x13
 799 00cf 00       		.byte	0
 800 00d0 00       		.byte	0
 801 00d1 11       		.uleb128 0x11
 802 00d2 13       		.uleb128 0x13
 803 00d3 01       		.byte	0x1
 804 00d4 0B       		.uleb128 0xb
 805 00d5 0B       		.uleb128 0xb
 806 00d6 3A       		.uleb128 0x3a
 807 00d7 0B       		.uleb128 0xb
 808 00d8 3B       		.uleb128 0x3b
 809 00d9 0B       		.uleb128 0xb
 810 00da 01       		.uleb128 0x1
 811 00db 13       		.uleb128 0x13
 812 00dc 00       		.byte	0
 813 00dd 00       		.byte	0
 814 00de 12       		.uleb128 0x12
 815 00df 0D       		.uleb128 0xd
 816 00e0 00       		.byte	0
 817 00e1 03       		.uleb128 0x3
 818 00e2 0E       		.uleb128 0xe
 819 00e3 3A       		.uleb128 0x3a
 820 00e4 0B       		.uleb128 0xb
 821 00e5 3B       		.uleb128 0x3b
 822 00e6 0B       		.uleb128 0xb
 823 00e7 49       		.uleb128 0x49
 824 00e8 13       		.uleb128 0x13
 825 00e9 38       		.uleb128 0x38
 826 00ea 0B       		.uleb128 0xb
 827 00eb 00       		.byte	0
 828 00ec 00       		.byte	0
 829 00ed 13       		.uleb128 0x13
 830 00ee 01       		.uleb128 0x1
 831 00ef 01       		.byte	0x1
 832 00f0 49       		.uleb128 0x49
 833 00f1 13       		.uleb128 0x13
 834 00f2 01       		.uleb128 0x1
 835 00f3 13       		.uleb128 0x13
 836 00f4 00       		.byte	0
 837 00f5 00       		.byte	0
 838 00f6 14       		.uleb128 0x14
 839 00f7 21       		.uleb128 0x21
 840 00f8 00       		.byte	0
 841 00f9 49       		.uleb128 0x49
 842 00fa 13       		.uleb128 0x13
ARM GAS  C:\Users\NARASH~1\AppData\Local\Temp\ccsRLeh2.s 			page 21


 843 00fb 2F       		.uleb128 0x2f
 844 00fc 0B       		.uleb128 0xb
 845 00fd 00       		.byte	0
 846 00fe 00       		.byte	0
 847 00ff 15       		.uleb128 0x15
 848 0100 34       		.uleb128 0x34
 849 0101 00       		.byte	0
 850 0102 03       		.uleb128 0x3
 851 0103 0E       		.uleb128 0xe
 852 0104 3A       		.uleb128 0x3a
 853 0105 0B       		.uleb128 0xb
 854 0106 3B       		.uleb128 0x3b
 855 0107 0B       		.uleb128 0xb
 856 0108 49       		.uleb128 0x49
 857 0109 13       		.uleb128 0x13
 858 010a 02       		.uleb128 0x2
 859 010b 18       		.uleb128 0x18
 860 010c 00       		.byte	0
 861 010d 00       		.byte	0
 862 010e 16       		.uleb128 0x16
 863 010f 26       		.uleb128 0x26
 864 0110 00       		.byte	0
 865 0111 49       		.uleb128 0x49
 866 0112 13       		.uleb128 0x13
 867 0113 00       		.byte	0
 868 0114 00       		.byte	0
 869 0115 17       		.uleb128 0x17
 870 0116 34       		.uleb128 0x34
 871 0117 00       		.byte	0
 872 0118 03       		.uleb128 0x3
 873 0119 08       		.uleb128 0x8
 874 011a 3A       		.uleb128 0x3a
 875 011b 0B       		.uleb128 0xb
 876 011c 3B       		.uleb128 0x3b
 877 011d 0B       		.uleb128 0xb
 878 011e 49       		.uleb128 0x49
 879 011f 13       		.uleb128 0x13
 880 0120 02       		.uleb128 0x2
 881 0121 17       		.uleb128 0x17
 882 0122 00       		.byte	0
 883 0123 00       		.byte	0
 884 0124 18       		.uleb128 0x18
 885 0125 0B       		.uleb128 0xb
 886 0126 01       		.byte	0x1
 887 0127 11       		.uleb128 0x11
 888 0128 01       		.uleb128 0x1
 889 0129 12       		.uleb128 0x12
 890 012a 06       		.uleb128 0x6
 891 012b 00       		.byte	0
 892 012c 00       		.byte	0
 893 012d 19       		.uleb128 0x19
 894 012e 898201   		.uleb128 0x4109
 895 0131 00       		.byte	0
 896 0132 11       		.uleb128 0x11
 897 0133 01       		.uleb128 0x1
 898 0134 31       		.uleb128 0x31
 899 0135 13       		.uleb128 0x13
ARM GAS  C:\Users\NARASH~1\AppData\Local\Temp\ccsRLeh2.s 			page 22


 900 0136 00       		.byte	0
 901 0137 00       		.byte	0
 902 0138 1A       		.uleb128 0x1a
 903 0139 2E       		.uleb128 0x2e
 904 013a 01       		.byte	0x1
 905 013b 3F       		.uleb128 0x3f
 906 013c 19       		.uleb128 0x19
 907 013d 03       		.uleb128 0x3
 908 013e 0E       		.uleb128 0xe
 909 013f 27       		.uleb128 0x27
 910 0140 19       		.uleb128 0x19
 911 0141 49       		.uleb128 0x49
 912 0142 13       		.uleb128 0x13
 913 0143 34       		.uleb128 0x34
 914 0144 19       		.uleb128 0x19
 915 0145 3C       		.uleb128 0x3c
 916 0146 19       		.uleb128 0x19
 917 0147 01       		.uleb128 0x1
 918 0148 13       		.uleb128 0x13
 919 0149 00       		.byte	0
 920 014a 00       		.byte	0
 921 014b 1B       		.uleb128 0x1b
 922 014c 05       		.uleb128 0x5
 923 014d 00       		.byte	0
 924 014e 49       		.uleb128 0x49
 925 014f 13       		.uleb128 0x13
 926 0150 00       		.byte	0
 927 0151 00       		.byte	0
 928 0152 1C       		.uleb128 0x1c
 929 0153 2E       		.uleb128 0x2e
 930 0154 01       		.byte	0x1
 931 0155 3F       		.uleb128 0x3f
 932 0156 19       		.uleb128 0x19
 933 0157 03       		.uleb128 0x3
 934 0158 0E       		.uleb128 0xe
 935 0159 3A       		.uleb128 0x3a
 936 015a 0B       		.uleb128 0xb
 937 015b 3B       		.uleb128 0x3b
 938 015c 0B       		.uleb128 0xb
 939 015d 27       		.uleb128 0x27
 940 015e 19       		.uleb128 0x19
 941 015f 3C       		.uleb128 0x3c
 942 0160 19       		.uleb128 0x19
 943 0161 01       		.uleb128 0x1
 944 0162 13       		.uleb128 0x13
 945 0163 00       		.byte	0
 946 0164 00       		.byte	0
 947 0165 1D       		.uleb128 0x1d
 948 0166 2E       		.uleb128 0x2e
 949 0167 01       		.byte	0x1
 950 0168 3F       		.uleb128 0x3f
 951 0169 19       		.uleb128 0x19
 952 016a 03       		.uleb128 0x3
 953 016b 0E       		.uleb128 0xe
 954 016c 3A       		.uleb128 0x3a
 955 016d 0B       		.uleb128 0xb
 956 016e 3B       		.uleb128 0x3b
ARM GAS  C:\Users\NARASH~1\AppData\Local\Temp\ccsRLeh2.s 			page 23


 957 016f 0B       		.uleb128 0xb
 958 0170 27       		.uleb128 0x27
 959 0171 19       		.uleb128 0x19
 960 0172 49       		.uleb128 0x49
 961 0173 13       		.uleb128 0x13
 962 0174 3C       		.uleb128 0x3c
 963 0175 19       		.uleb128 0x19
 964 0176 01       		.uleb128 0x1
 965 0177 13       		.uleb128 0x13
 966 0178 00       		.byte	0
 967 0179 00       		.byte	0
 968 017a 1E       		.uleb128 0x1e
 969 017b 2E       		.uleb128 0x2e
 970 017c 01       		.byte	0x1
 971 017d 3F       		.uleb128 0x3f
 972 017e 19       		.uleb128 0x19
 973 017f 03       		.uleb128 0x3
 974 0180 0E       		.uleb128 0xe
 975 0181 3A       		.uleb128 0x3a
 976 0182 0B       		.uleb128 0xb
 977 0183 3B       		.uleb128 0x3b
 978 0184 0B       		.uleb128 0xb
 979 0185 27       		.uleb128 0x27
 980 0186 19       		.uleb128 0x19
 981 0187 3C       		.uleb128 0x3c
 982 0188 19       		.uleb128 0x19
 983 0189 00       		.byte	0
 984 018a 00       		.byte	0
 985 018b 00       		.byte	0
 986              		.section	.debug_loc,"",%progbits
 987              	.Ldebug_loc0:
 988              	.LLST0:
 989 0000 00000000 		.4byte	.LVL0
 990 0004 09000000 		.4byte	.LVL2-1
 991 0008 0100     		.2byte	0x1
 992 000a 50       		.byte	0x50
 993 000b 09000000 		.4byte	.LVL2-1
 994 000f 0C000000 		.4byte	.LFE0
 995 0013 0400     		.2byte	0x4
 996 0015 F3       		.byte	0xf3
 997 0016 01       		.uleb128 0x1
 998 0017 50       		.byte	0x50
 999 0018 9F       		.byte	0x9f
 1000 0019 00000000 		.4byte	0
 1001 001d 00000000 		.4byte	0
 1002              	.LLST1:
 1003 0021 00000000 		.4byte	.LVL0
 1004 0025 06000000 		.4byte	.LVL1
 1005 0029 0100     		.2byte	0x1
 1006 002b 51       		.byte	0x51
 1007 002c 06000000 		.4byte	.LVL1
 1008 0030 09000000 		.4byte	.LVL2-1
 1009 0034 0100     		.2byte	0x1
 1010 0036 52       		.byte	0x52
 1011 0037 09000000 		.4byte	.LVL2-1
 1012 003b 0C000000 		.4byte	.LFE0
 1013 003f 0400     		.2byte	0x4
ARM GAS  C:\Users\NARASH~1\AppData\Local\Temp\ccsRLeh2.s 			page 24


 1014 0041 F3       		.byte	0xf3
 1015 0042 01       		.uleb128 0x1
 1016 0043 51       		.byte	0x51
 1017 0044 9F       		.byte	0x9f
 1018 0045 00000000 		.4byte	0
 1019 0049 00000000 		.4byte	0
 1020              	.LLST2:
 1021 004d 7C000000 		.4byte	.LVL6
 1022 0051 80000000 		.4byte	.LVL7
 1023 0055 0200     		.2byte	0x2
 1024 0057 30       		.byte	0x30
 1025 0058 9F       		.byte	0x9f
 1026 0059 80000000 		.4byte	.LVL7
 1027 005d A0000000 		.4byte	.LVL9
 1028 0061 0100     		.2byte	0x1
 1029 0063 54       		.byte	0x54
 1030 0064 A2000000 		.4byte	.LVL10
 1031 0068 CE000000 		.4byte	.LVL11
 1032 006c 0100     		.2byte	0x1
 1033 006e 54       		.byte	0x54
 1034 006f 00000000 		.4byte	0
 1035 0073 00000000 		.4byte	0
 1036              	.LLST3:
 1037 0077 80000000 		.4byte	.LVL7
 1038 007b A0000000 		.4byte	.LVL9
 1039 007f 0B00     		.2byte	0xb
 1040 0081 74       		.byte	0x74
 1041 0082 00       		.sleb128 0
 1042 0083 36       		.byte	0x36
 1043 0084 1E       		.byte	0x1e
 1044 0085 03       		.byte	0x3
 1045 0086 00000000 		.4byte	cfg_memset_list.4725
 1046 008a 22       		.byte	0x22
 1047 008b 9F       		.byte	0x9f
 1048 008c A0000000 		.4byte	.LVL9
 1049 0090 A2000000 		.4byte	.LVL10
 1050 0094 0B00     		.2byte	0xb
 1051 0096 74       		.byte	0x74
 1052 0097 7F       		.sleb128 -1
 1053 0098 36       		.byte	0x36
 1054 0099 1E       		.byte	0x1e
 1055 009a 03       		.byte	0x3
 1056 009b 00000000 		.4byte	cfg_memset_list.4725
 1057 009f 22       		.byte	0x22
 1058 00a0 9F       		.byte	0x9f
 1059 00a1 00000000 		.4byte	0
 1060 00a5 00000000 		.4byte	0
 1061              		.section	.debug_aranges,"",%progbits
 1062 0000 2C000000 		.4byte	0x2c
 1063 0004 0200     		.2byte	0x2
 1064 0006 00000000 		.4byte	.Ldebug_info0
 1065 000a 04       		.byte	0x4
 1066 000b 00       		.byte	0
 1067 000c 0000     		.2byte	0
 1068 000e 0000     		.2byte	0
 1069 0010 00000000 		.4byte	.LFB0
 1070 0014 0C000000 		.4byte	.LFE0-.LFB0
ARM GAS  C:\Users\NARASH~1\AppData\Local\Temp\ccsRLeh2.s 			page 25


 1071 0018 00000000 		.4byte	.LFB3
 1072 001c 78000000 		.4byte	.LFE3-.LFB3
 1073 0020 78000000 		.4byte	.LFB5
 1074 0024 C8000000 		.4byte	.LFE5-.LFB5
 1075 0028 00000000 		.4byte	0
 1076 002c 00000000 		.4byte	0
 1077              		.section	.debug_ranges,"",%progbits
 1078              	.Ldebug_ranges0:
 1079 0000 00000000 		.4byte	.LFB0
 1080 0004 0C000000 		.4byte	.LFE0
 1081 0008 00000000 		.4byte	.LFB3
 1082 000c 78000000 		.4byte	.LFE3
 1083 0010 78000000 		.4byte	.LFB5
 1084 0014 40010000 		.4byte	.LFE5
 1085 0018 00000000 		.4byte	0
 1086 001c 00000000 		.4byte	0
 1087              		.section	.debug_line,"",%progbits
 1088              	.Ldebug_line0:
 1089 0000 31010000 		.section	.debug_str,"MS",%progbits,1
 1089      0200D600 
 1089      00000201 
 1089      FB0E0D00 
 1089      01010101 
 1090              	.LASF18:
 1091 0000 72656733 		.ascii	"reg32\000"
 1091      3200
 1092              	.LASF11:
 1093 0006 73697A65 		.ascii	"size_t\000"
 1093      5F7400
 1094              	.LASF32:
 1095 000d 4379496E 		.ascii	"CyIntSetVector\000"
 1095      74536574 
 1095      56656374 
 1095      6F7200
 1096              	.LASF25:
 1097 001c 6366675F 		.ascii	"cfg_memset_list\000"
 1097      6D656D73 
 1097      65745F6C 
 1097      69737400 
 1098              	.LASF21:
 1099 002c 436C6F63 		.ascii	"ClockSetup\000"
 1099      6B536574 
 1099      757000
 1100              	.LASF4:
 1101 0037 73686F72 		.ascii	"short unsigned int\000"
 1101      7420756E 
 1101      7369676E 
 1101      65642069 
 1101      6E7400
 1102              	.LASF15:
 1103 004a 666C6F61 		.ascii	"float\000"
 1103      7400
 1104              	.LASF23:
 1105 0050 73697A65 		.ascii	"size\000"
 1105      00
 1106              	.LASF17:
 1107 0055 72656738 		.ascii	"reg8\000"
ARM GAS  C:\Users\NARASH~1\AppData\Local\Temp\ccsRLeh2.s 			page 26


 1107      00
 1108              	.LASF6:
 1109 005a 6C6F6E67 		.ascii	"long unsigned int\000"
 1109      20756E73 
 1109      69676E65 
 1109      6420696E 
 1109      7400
 1110              	.LASF12:
 1111 006c 75696E74 		.ascii	"uint8\000"
 1111      3800
 1112              	.LASF20:
 1113 0072 43594D45 		.ascii	"CYMEMZERO\000"
 1113      4D5A4552 
 1113      4F00
 1114              	.LASF2:
 1115 007c 756E7369 		.ascii	"unsigned char\000"
 1115      676E6564 
 1115      20636861 
 1115      7200
 1116              	.LASF26:
 1117 008a 6D656D73 		.ascii	"memset\000"
 1117      657400
 1118              	.LASF16:
 1119 0091 646F7562 		.ascii	"double\000"
 1119      6C6500
 1120              	.LASF33:
 1121 0098 4379496E 		.ascii	"CyIntEnable\000"
 1121      74456E61 
 1121      626C6500 
 1122              	.LASF13:
 1123 00a4 75696E74 		.ascii	"uint16\000"
 1123      313600
 1124              	.LASF14:
 1125 00ab 75696E74 		.ascii	"uint32\000"
 1125      333200
 1126              	.LASF0:
 1127 00b2 756E7369 		.ascii	"unsigned int\000"
 1127      676E6564 
 1127      20696E74 
 1127      00
 1128              	.LASF31:
 1129 00bf 63796669 		.ascii	"cyfitter_cfg\000"
 1129      74746572 
 1129      5F636667 
 1129      00
 1130              	.LASF22:
 1131 00cc 61646472 		.ascii	"address\000"
 1131      65737300 
 1132              	.LASF8:
 1133 00d4 6C6F6E67 		.ascii	"long long unsigned int\000"
 1133      206C6F6E 
 1133      6720756E 
 1133      7369676E 
 1133      65642069 
 1134              	.LASF19:
 1135 00eb 63796973 		.ascii	"cyisraddress\000"
 1135      72616464 
ARM GAS  C:\Users\NARASH~1\AppData\Local\Temp\ccsRLeh2.s 			page 27


 1135      72657373 
 1135      00
 1136              	.LASF24:
 1137 00f8 6366675F 		.ascii	"cfg_memset_t\000"
 1137      6D656D73 
 1137      65745F74 
 1137      00
 1138              	.LASF9:
 1139 0105 73697A65 		.ascii	"sizetype\000"
 1139      74797065 
 1139      00
 1140              	.LASF7:
 1141 010e 6C6F6E67 		.ascii	"long long int\000"
 1141      206C6F6E 
 1141      6720696E 
 1141      7400
 1142              	.LASF10:
 1143 011c 63686172 		.ascii	"char\000"
 1143      00
 1144              	.LASF28:
 1145 0121 474E5520 		.ascii	"GNU C 4.9.3 20150303 (release) [ARM/embedded-4_9-br"
 1145      4320342E 
 1145      392E3320 
 1145      32303135 
 1145      30333033 
 1146 0154 616E6368 		.ascii	"anch revision 221220] -mcpu=cortex-m0 -mthumb -g -O"
 1146      20726576 
 1146      6973696F 
 1146      6E203232 
 1146      31323230 
 1147 0187 67202D66 		.ascii	"g -ffunction-sections -ffat-lto-objects\000"
 1147      66756E63 
 1147      74696F6E 
 1147      2D736563 
 1147      74696F6E 
 1148              	.LASF3:
 1149 01af 73686F72 		.ascii	"short int\000"
 1149      7420696E 
 1149      7400
 1150              	.LASF27:
 1151 01b9 43795379 		.ascii	"CySysClkWriteImoFreq\000"
 1151      73436C6B 
 1151      57726974 
 1151      65496D6F 
 1151      46726571 
 1152              	.LASF30:
 1153 01ce 433A5C55 		.ascii	"C:\\Users\\Narashiman\\Documents\\PSoC Creator\\1-w"
 1153      73657273 
 1153      5C4E6172 
 1153      61736869 
 1153      6D616E5C 
 1154 01fc 69726520 		.ascii	"ire Protocol\\DHT11 POC.cydsn\000"
 1154      50726F74 
 1154      6F636F6C 
 1154      5C444854 
 1154      31312050 
 1155              	.LASF5:
ARM GAS  C:\Users\NARASH~1\AppData\Local\Temp\ccsRLeh2.s 			page 28


 1156 0219 6C6F6E67 		.ascii	"long int\000"
 1156      20696E74 
 1156      00
 1157              	.LASF1:
 1158 0222 7369676E 		.ascii	"signed char\000"
 1158      65642063 
 1158      68617200 
 1159              	.LASF29:
 1160 022e 47656E65 		.ascii	"Generated_Source\\PSoC4\\cyfitter_cfg.c\000"
 1160      72617465 
 1160      645F536F 
 1160      75726365 
 1160      5C50536F 
 1161              		.ident	"GCC: (GNU Tools for ARM Embedded Processors) 4.9.3 20150303 (release) [ARM/embedded-4_9-br
